// Jest Snapshot v1, https://goo.gl/fbAQLP

exports[`App renders with data correctly 1`] = `
<MockedProvider
  addTypename={true}
  mocks={
    Array [
      Object {
        "request": Object {
          "query": Object {
            "definitions": Array [
              Object {
                "directives": Array [],
                "kind": "OperationDefinition",
                "name": undefined,
                "operation": "query",
                "selectionSet": Object {
                  "kind": "SelectionSet",
                  "selections": Array [
                    Object {
                      "alias": undefined,
                      "arguments": Array [],
                      "directives": Array [],
                      "kind": "Field",
                      "name": Object {
                        "kind": "Name",
                        "value": "slides",
                      },
                      "selectionSet": Object {
                        "kind": "SelectionSet",
                        "selections": Array [
                          Object {
                            "alias": undefined,
                            "arguments": Array [],
                            "directives": Array [],
                            "kind": "Field",
                            "name": Object {
                              "kind": "Name",
                              "value": "id",
                            },
                            "selectionSet": undefined,
                          },
                          Object {
                            "alias": undefined,
                            "arguments": Array [],
                            "directives": Array [],
                            "kind": "Field",
                            "name": Object {
                              "kind": "Name",
                              "value": "title",
                            },
                            "selectionSet": undefined,
                          },
                          Object {
                            "alias": undefined,
                            "arguments": Array [],
                            "directives": Array [],
                            "kind": "Field",
                            "name": Object {
                              "kind": "Name",
                              "value": "url",
                            },
                            "selectionSet": undefined,
                          },
                          Object {
                            "alias": undefined,
                            "arguments": Array [],
                            "directives": Array [],
                            "kind": "Field",
                            "name": Object {
                              "kind": "Name",
                              "value": "description",
                            },
                            "selectionSet": undefined,
                          },
                        ],
                      },
                    },
                  ],
                },
                "variableDefinitions": Array [],
              },
            ],
            "kind": "Document",
            "loc": Object {
              "end": 82,
              "start": 0,
            },
          },
          "variables": Object {},
        },
        "result": Object {
          "data": Object {
            "slides": Array [
              Object {
                "__typename": "Slide",
                "description": "A family that thirsts together sticks together.",
                "id": "cjly171lw1nd90b017dj4jjux",
                "title": "The elephant family",
                "url": "https://firebasestorage.googleapis.com/v0/b/react-slider.appspot.com/o/richard-jacobs-541439-unsplash_1920x1080.jpg?alt=media&token=c147b1d0-b94d-4f14-8da3-40d5545257a7",
              },
              Object {
                "__typename": "Slide",
                "description": "If looks could kill, this cat would be responsible for mass murders.",
                "id": "cjly1adod1o1j0b01rseyow30",
                "title": "Kitty the cat",
                "url": "https://firebasestorage.googleapis.com/v0/b/react-slider.appspot.com/o/erik-jan-leusink-180382-unsplash_1920x1080.jpg?alt=media&token=c5d1e879-9960-44b9-90b0-ebe3fab250ee",
              },
              Object {
                "__typename": "Slide",
                "description": "A symbol of love as many would see it.",
                "id": "cjly1c1k91ogv0b01pnd93qg0",
                "title": "Electric Rose",
                "url": "https://firebasestorage.googleapis.com/v0/b/react-slider.appspot.com/o/rodion-kutsaev-69516-unsplash_1920x1080.jpg?alt=media&token=71c98452-60e4-4ed7-b9e8-f596119c7624",
              },
              Object {
                "__typename": "Slide",
                "description": "This is what Joburg CBD streets aspire to... well maybe not.",
                "id": "cjly1daar1onr0b01m6b7f2cu",
                "title": "These Streets",
                "url": "https://firebasestorage.googleapis.com/v0/b/react-slider.appspot.com/o/john-gibbons-311400-unsplash_1920x1080.jpg?alt=media&token=4bae6f86-6b19-476b-946c-f1a8d33abdd5",
              },
              Object {
                "__typename": "Slide",
                "description": "Like the proverbial cheese, this tree stands alone.",
                "id": "cjly1ennv1r630b01db69b1q3",
                "title": "These Streets",
                "url": "https://firebasestorage.googleapis.com/v0/b/react-slider.appspot.com/o/erico-marcelino-235177-unsplash_1_1920x1080.jpg?alt=media&token=a535c5ef-d123-432c-85d7-ec896fb0e124",
              },
            ],
          },
        },
      },
    ]
  }
>
  <ApolloProvider
    client={
      ApolloClient {
        "__operations_cache__": Map {
          "data" => Object {
            "query": Object {
              "definitions": Array [
                Object {
                  "directives": Array [],
                  "kind": "OperationDefinition",
                  "name": undefined,
                  "operation": "query",
                  "selectionSet": Object {
                    "kind": "SelectionSet",
                    "selections": Array [
                      Object {
                        "alias": undefined,
                        "arguments": Array [],
                        "directives": Array [],
                        "kind": "Field",
                        "name": Object {
                          "kind": "Name",
                          "value": "slides",
                        },
                        "selectionSet": Object {
                          "kind": "SelectionSet",
                          "selections": Array [
                            Object {
                              "alias": undefined,
                              "arguments": Array [],
                              "directives": Array [],
                              "kind": "Field",
                              "name": Object {
                                "kind": "Name",
                                "value": "id",
                              },
                              "selectionSet": undefined,
                            },
                            Object {
                              "alias": undefined,
                              "arguments": Array [],
                              "directives": Array [],
                              "kind": "Field",
                              "name": Object {
                                "kind": "Name",
                                "value": "title",
                              },
                              "selectionSet": undefined,
                            },
                            Object {
                              "alias": undefined,
                              "arguments": Array [],
                              "directives": Array [],
                              "kind": "Field",
                              "name": Object {
                                "kind": "Name",
                                "value": "url",
                              },
                              "selectionSet": undefined,
                            },
                            Object {
                              "alias": undefined,
                              "arguments": Array [],
                              "directives": Array [],
                              "kind": "Field",
                              "name": Object {
                                "kind": "Name",
                                "value": "description",
                              },
                              "selectionSet": undefined,
                            },
                          ],
                        },
                      },
                    ],
                  },
                  "variableDefinitions": Array [],
                },
              ],
              "kind": "Document",
              "loc": Object {
                "end": 82,
                "start": 0,
              },
            },
            "variables": undefined,
          },
        },
        "cache": InMemoryCache {
          "addTypename": true,
          "config": Object {
            "addTypename": true,
            "dataIdFromObject": [Function],
            "fragmentMatcher": HeuristicFragmentMatcher {},
            "storeFactory": [Function],
          },
          "data": ObjectCache {
            "data": Object {},
          },
          "optimistic": Array [],
          "silenceBroadcast": false,
          "typenameDocumentCache": WeakMap {},
          "watches": Array [
            Object {
              "callback": [Function],
              "optimistic": true,
              "previousResult": [Function],
              "query": Object {
                "definitions": Array [
                  Object {
                    "directives": Array [],
                    "kind": "OperationDefinition",
                    "name": undefined,
                    "operation": "query",
                    "selectionSet": Object {
                      "kind": "SelectionSet",
                      "selections": Array [
                        Object {
                          "alias": undefined,
                          "arguments": Array [],
                          "directives": Array [],
                          "kind": "Field",
                          "name": Object {
                            "kind": "Name",
                            "value": "slides",
                          },
                          "selectionSet": Object {
                            "kind": "SelectionSet",
                            "selections": Array [
                              Object {
                                "alias": undefined,
                                "arguments": Array [],
                                "directives": Array [],
                                "kind": "Field",
                                "name": Object {
                                  "kind": "Name",
                                  "value": "id",
                                },
                                "selectionSet": undefined,
                              },
                              Object {
                                "alias": undefined,
                                "arguments": Array [],
                                "directives": Array [],
                                "kind": "Field",
                                "name": Object {
                                  "kind": "Name",
                                  "value": "title",
                                },
                                "selectionSet": undefined,
                              },
                              Object {
                                "alias": undefined,
                                "arguments": Array [],
                                "directives": Array [],
                                "kind": "Field",
                                "name": Object {
                                  "kind": "Name",
                                  "value": "url",
                                },
                                "selectionSet": undefined,
                              },
                              Object {
                                "alias": undefined,
                                "arguments": Array [],
                                "directives": Array [],
                                "kind": "Field",
                                "name": Object {
                                  "kind": "Name",
                                  "value": "description",
                                },
                                "selectionSet": undefined,
                              },
                              Object {
                                "kind": "Field",
                                "name": Object {
                                  "kind": "Name",
                                  "value": "__typename",
                                },
                              },
                            ],
                          },
                        },
                      ],
                    },
                    "variableDefinitions": Array [],
                  },
                ],
                "kind": "Document",
                "loc": Object {
                  "end": 82,
                  "source": Object {
                    "body": "
        query {
          slides{
            id
            title
            url
            description
          }
        }
      ",
                    "locationOffset": Object {
                      "column": 1,
                      "line": 1,
                    },
                    "name": "GraphQL request",
                  },
                  "start": 0,
                },
              },
              "variables": undefined,
            },
          ],
        },
        "defaultOptions": Object {},
        "disableNetworkFetches": false,
        "link": ApolloLink {
          "request": [Function],
        },
        "mutate": [Function],
        "query": [Function],
        "queryDeduplication": true,
        "queryManager": QueryManager {
          "dataStore": DataStore {
            "cache": InMemoryCache {
              "addTypename": true,
              "config": Object {
                "addTypename": true,
                "dataIdFromObject": [Function],
                "fragmentMatcher": HeuristicFragmentMatcher {},
                "storeFactory": [Function],
              },
              "data": ObjectCache {
                "data": Object {},
              },
              "optimistic": Array [],
              "silenceBroadcast": false,
              "typenameDocumentCache": WeakMap {},
              "watches": Array [
                Object {
                  "callback": [Function],
                  "optimistic": true,
                  "previousResult": [Function],
                  "query": Object {
                    "definitions": Array [
                      Object {
                        "directives": Array [],
                        "kind": "OperationDefinition",
                        "name": undefined,
                        "operation": "query",
                        "selectionSet": Object {
                          "kind": "SelectionSet",
                          "selections": Array [
                            Object {
                              "alias": undefined,
                              "arguments": Array [],
                              "directives": Array [],
                              "kind": "Field",
                              "name": Object {
                                "kind": "Name",
                                "value": "slides",
                              },
                              "selectionSet": Object {
                                "kind": "SelectionSet",
                                "selections": Array [
                                  Object {
                                    "alias": undefined,
                                    "arguments": Array [],
                                    "directives": Array [],
                                    "kind": "Field",
                                    "name": Object {
                                      "kind": "Name",
                                      "value": "id",
                                    },
                                    "selectionSet": undefined,
                                  },
                                  Object {
                                    "alias": undefined,
                                    "arguments": Array [],
                                    "directives": Array [],
                                    "kind": "Field",
                                    "name": Object {
                                      "kind": "Name",
                                      "value": "title",
                                    },
                                    "selectionSet": undefined,
                                  },
                                  Object {
                                    "alias": undefined,
                                    "arguments": Array [],
                                    "directives": Array [],
                                    "kind": "Field",
                                    "name": Object {
                                      "kind": "Name",
                                      "value": "url",
                                    },
                                    "selectionSet": undefined,
                                  },
                                  Object {
                                    "alias": undefined,
                                    "arguments": Array [],
                                    "directives": Array [],
                                    "kind": "Field",
                                    "name": Object {
                                      "kind": "Name",
                                      "value": "description",
                                    },
                                    "selectionSet": undefined,
                                  },
                                  Object {
                                    "kind": "Field",
                                    "name": Object {
                                      "kind": "Name",
                                      "value": "__typename",
                                    },
                                  },
                                ],
                              },
                            },
                          ],
                        },
                        "variableDefinitions": Array [],
                      },
                    ],
                    "kind": "Document",
                    "loc": Object {
                      "end": 82,
                      "source": Object {
                        "body": "
        query {
          slides{
            id
            title
            url
            description
          }
        }
      ",
                        "locationOffset": Object {
                          "column": 1,
                          "line": 1,
                        },
                        "name": "GraphQL request",
                      },
                      "start": 0,
                    },
                  },
                  "variables": undefined,
                },
              ],
            },
          },
          "deduplicator": ApolloLink {
            "request": [Function],
          },
          "fetchQueryPromises": Map {
            "2" => Object {
              "reject": [Function],
              "resolve": [Function],
            },
          },
          "idCounter": 3,
          "link": ApolloLink {
            "request": [Function],
          },
          "mutationStore": MutationStore {
            "store": Object {},
          },
          "onBroadcast": [Function],
          "queries": Map {
            "1" => Object {
              "cancel": [Function],
              "document": Object {
                "definitions": Array [
                  Object {
                    "directives": Array [],
                    "kind": "OperationDefinition",
                    "name": undefined,
                    "operation": "query",
                    "selectionSet": Object {
                      "kind": "SelectionSet",
                      "selections": Array [
                        Object {
                          "alias": undefined,
                          "arguments": Array [],
                          "directives": Array [],
                          "kind": "Field",
                          "name": Object {
                            "kind": "Name",
                            "value": "slides",
                          },
                          "selectionSet": Object {
                            "kind": "SelectionSet",
                            "selections": Array [
                              Object {
                                "alias": undefined,
                                "arguments": Array [],
                                "directives": Array [],
                                "kind": "Field",
                                "name": Object {
                                  "kind": "Name",
                                  "value": "id",
                                },
                                "selectionSet": undefined,
                              },
                              Object {
                                "alias": undefined,
                                "arguments": Array [],
                                "directives": Array [],
                                "kind": "Field",
                                "name": Object {
                                  "kind": "Name",
                                  "value": "title",
                                },
                                "selectionSet": undefined,
                              },
                              Object {
                                "alias": undefined,
                                "arguments": Array [],
                                "directives": Array [],
                                "kind": "Field",
                                "name": Object {
                                  "kind": "Name",
                                  "value": "url",
                                },
                                "selectionSet": undefined,
                              },
                              Object {
                                "alias": undefined,
                                "arguments": Array [],
                                "directives": Array [],
                                "kind": "Field",
                                "name": Object {
                                  "kind": "Name",
                                  "value": "description",
                                },
                                "selectionSet": undefined,
                              },
                              Object {
                                "kind": "Field",
                                "name": Object {
                                  "kind": "Name",
                                  "value": "__typename",
                                },
                              },
                            ],
                          },
                        },
                      ],
                    },
                    "variableDefinitions": Array [],
                  },
                ],
                "kind": "Document",
                "loc": Object {
                  "end": 82,
                  "source": Object {
                    "body": "
        query {
          slides{
            id
            title
            url
            description
          }
        }
      ",
                    "locationOffset": Object {
                      "column": 1,
                      "line": 1,
                    },
                    "name": "GraphQL request",
                  },
                  "start": 0,
                },
              },
              "invalidate": false,
              "invalidated": false,
              "lastRequestId": 2,
              "listeners": Array [
                [Function],
              ],
              "newData": null,
              "observableQuery": ObservableQuery {
                "_subscriber": [Function],
                "isCurrentlyPolling": false,
                "isTornDown": false,
                "observers": Array [
                  SubscriptionObserver {
                    "_subscription": Subscription {
                      "_cleanup": [Function],
                      "_observer": Object {
                        "error": [Function],
                        "next": [Function],
                      },
                      "_queue": undefined,
                      "_state": "ready",
                    },
                  },
                ],
                "options": Object {
                  "context": Object {},
                  "metadata": Object {
                    "reactComponent": Object {
                      "displayName": "Query",
                    },
                  },
                  "notifyOnNetworkStatusChange": false,
                  "query": Object {
                    "definitions": Array [
                      Object {
                        "directives": Array [],
                        "kind": "OperationDefinition",
                        "name": undefined,
                        "operation": "query",
                        "selectionSet": Object {
                          "kind": "SelectionSet",
                          "selections": Array [
                            Object {
                              "alias": undefined,
                              "arguments": Array [],
                              "directives": Array [],
                              "kind": "Field",
                              "name": Object {
                                "kind": "Name",
                                "value": "slides",
                              },
                              "selectionSet": Object {
                                "kind": "SelectionSet",
                                "selections": Array [
                                  Object {
                                    "alias": undefined,
                                    "arguments": Array [],
                                    "directives": Array [],
                                    "kind": "Field",
                                    "name": Object {
                                      "kind": "Name",
                                      "value": "id",
                                    },
                                    "selectionSet": undefined,
                                  },
                                  Object {
                                    "alias": undefined,
                                    "arguments": Array [],
                                    "directives": Array [],
                                    "kind": "Field",
                                    "name": Object {
                                      "kind": "Name",
                                      "value": "title",
                                    },
                                    "selectionSet": undefined,
                                  },
                                  Object {
                                    "alias": undefined,
                                    "arguments": Array [],
                                    "directives": Array [],
                                    "kind": "Field",
                                    "name": Object {
                                      "kind": "Name",
                                      "value": "url",
                                    },
                                    "selectionSet": undefined,
                                  },
                                  Object {
                                    "alias": undefined,
                                    "arguments": Array [],
                                    "directives": Array [],
                                    "kind": "Field",
                                    "name": Object {
                                      "kind": "Name",
                                      "value": "description",
                                    },
                                    "selectionSet": undefined,
                                  },
                                ],
                              },
                            },
                          ],
                        },
                        "variableDefinitions": Array [],
                      },
                    ],
                    "kind": "Document",
                    "loc": Object {
                      "end": 82,
                      "start": 0,
                    },
                  },
                },
                "queryId": "1",
                "queryManager": [Circular],
                "scheduler": QueryScheduler {
                  "inFlightQueries": Object {},
                  "intervalQueries": Object {},
                  "pollingTimers": Object {},
                  "queryManager": [Circular],
                  "registeredQueries": Object {},
                  "ssrMode": false,
                },
                "shouldSubscribe": true,
                "subscriptionHandles": Array [],
                "variables": Object {},
              },
              "subscriptions": Array [
                Subscription {
                  "_cleanup": [Function],
                  "_observer": Object {
                    "complete": [Function],
                    "error": [Function],
                    "next": [Function],
                  },
                  "_queue": undefined,
                  "_state": "ready",
                },
              ],
            },
          },
          "queryDeduplication": true,
          "queryIdsByName": Object {},
          "queryStore": QueryStore {
            "store": Object {
              "1": Object {
                "document": Object {
                  "definitions": Array [
                    Object {
                      "directives": Array [],
                      "kind": "OperationDefinition",
                      "name": undefined,
                      "operation": "query",
                      "selectionSet": Object {
                        "kind": "SelectionSet",
                        "selections": Array [
                          Object {
                            "alias": undefined,
                            "arguments": Array [],
                            "directives": Array [],
                            "kind": "Field",
                            "name": Object {
                              "kind": "Name",
                              "value": "slides",
                            },
                            "selectionSet": Object {
                              "kind": "SelectionSet",
                              "selections": Array [
                                Object {
                                  "alias": undefined,
                                  "arguments": Array [],
                                  "directives": Array [],
                                  "kind": "Field",
                                  "name": Object {
                                    "kind": "Name",
                                    "value": "id",
                                  },
                                  "selectionSet": undefined,
                                },
                                Object {
                                  "alias": undefined,
                                  "arguments": Array [],
                                  "directives": Array [],
                                  "kind": "Field",
                                  "name": Object {
                                    "kind": "Name",
                                    "value": "title",
                                  },
                                  "selectionSet": undefined,
                                },
                                Object {
                                  "alias": undefined,
                                  "arguments": Array [],
                                  "directives": Array [],
                                  "kind": "Field",
                                  "name": Object {
                                    "kind": "Name",
                                    "value": "url",
                                  },
                                  "selectionSet": undefined,
                                },
                                Object {
                                  "alias": undefined,
                                  "arguments": Array [],
                                  "directives": Array [],
                                  "kind": "Field",
                                  "name": Object {
                                    "kind": "Name",
                                    "value": "description",
                                  },
                                  "selectionSet": undefined,
                                },
                                Object {
                                  "kind": "Field",
                                  "name": Object {
                                    "kind": "Name",
                                    "value": "__typename",
                                  },
                                },
                              ],
                            },
                          },
                        ],
                      },
                      "variableDefinitions": Array [],
                    },
                  ],
                  "kind": "Document",
                  "loc": Object {
                    "end": 82,
                    "source": Object {
                      "body": "
        query {
          slides{
            id
            title
            url
            description
          }
        }
      ",
                      "locationOffset": Object {
                        "column": 1,
                        "line": 1,
                      },
                      "name": "GraphQL request",
                    },
                    "start": 0,
                  },
                },
                "graphQLErrors": Array [],
                "metadata": Object {
                  "reactComponent": Object {
                    "displayName": "Query",
                  },
                },
                "networkError": null,
                "networkStatus": 1,
                "previousVariables": null,
                "variables": Object {},
              },
            },
          },
          "scheduler": QueryScheduler {
            "inFlightQueries": Object {},
            "intervalQueries": Object {},
            "pollingTimers": Object {},
            "queryManager": [Circular],
            "registeredQueries": Object {},
            "ssrMode": false,
          },
        },
        "reFetchObservableQueries": [Function],
        "resetStore": [Function],
        "resetStoreCallbacks": Array [],
        "ssrMode": false,
        "store": DataStore {
          "cache": InMemoryCache {
            "addTypename": true,
            "config": Object {
              "addTypename": true,
              "dataIdFromObject": [Function],
              "fragmentMatcher": HeuristicFragmentMatcher {},
              "storeFactory": [Function],
            },
            "data": ObjectCache {
              "data": Object {},
            },
            "optimistic": Array [],
            "silenceBroadcast": false,
            "typenameDocumentCache": WeakMap {},
            "watches": Array [
              Object {
                "callback": [Function],
                "optimistic": true,
                "previousResult": [Function],
                "query": Object {
                  "definitions": Array [
                    Object {
                      "directives": Array [],
                      "kind": "OperationDefinition",
                      "name": undefined,
                      "operation": "query",
                      "selectionSet": Object {
                        "kind": "SelectionSet",
                        "selections": Array [
                          Object {
                            "alias": undefined,
                            "arguments": Array [],
                            "directives": Array [],
                            "kind": "Field",
                            "name": Object {
                              "kind": "Name",
                              "value": "slides",
                            },
                            "selectionSet": Object {
                              "kind": "SelectionSet",
                              "selections": Array [
                                Object {
                                  "alias": undefined,
                                  "arguments": Array [],
                                  "directives": Array [],
                                  "kind": "Field",
                                  "name": Object {
                                    "kind": "Name",
                                    "value": "id",
                                  },
                                  "selectionSet": undefined,
                                },
                                Object {
                                  "alias": undefined,
                                  "arguments": Array [],
                                  "directives": Array [],
                                  "kind": "Field",
                                  "name": Object {
                                    "kind": "Name",
                                    "value": "title",
                                  },
                                  "selectionSet": undefined,
                                },
                                Object {
                                  "alias": undefined,
                                  "arguments": Array [],
                                  "directives": Array [],
                                  "kind": "Field",
                                  "name": Object {
                                    "kind": "Name",
                                    "value": "url",
                                  },
                                  "selectionSet": undefined,
                                },
                                Object {
                                  "alias": undefined,
                                  "arguments": Array [],
                                  "directives": Array [],
                                  "kind": "Field",
                                  "name": Object {
                                    "kind": "Name",
                                    "value": "description",
                                  },
                                  "selectionSet": undefined,
                                },
                                Object {
                                  "kind": "Field",
                                  "name": Object {
                                    "kind": "Name",
                                    "value": "__typename",
                                  },
                                },
                              ],
                            },
                          },
                        ],
                      },
                      "variableDefinitions": Array [],
                    },
                  ],
                  "kind": "Document",
                  "loc": Object {
                    "end": 82,
                    "source": Object {
                      "body": "
        query {
          slides{
            id
            title
            url
            description
          }
        }
      ",
                      "locationOffset": Object {
                        "column": 1,
                        "line": 1,
                      },
                      "name": "GraphQL request",
                    },
                    "start": 0,
                  },
                },
                "variables": undefined,
              },
            ],
          },
        },
        "version": "2.4.1",
        "watchQuery": [Function],
      }
    }
  >
    <App>
      <Query
        query={
          Object {
            "definitions": Array [
              Object {
                "directives": Array [],
                "kind": "OperationDefinition",
                "name": undefined,
                "operation": "query",
                "selectionSet": Object {
                  "kind": "SelectionSet",
                  "selections": Array [
                    Object {
                      "alias": undefined,
                      "arguments": Array [],
                      "directives": Array [],
                      "kind": "Field",
                      "name": Object {
                        "kind": "Name",
                        "value": "slides",
                      },
                      "selectionSet": Object {
                        "kind": "SelectionSet",
                        "selections": Array [
                          Object {
                            "alias": undefined,
                            "arguments": Array [],
                            "directives": Array [],
                            "kind": "Field",
                            "name": Object {
                              "kind": "Name",
                              "value": "id",
                            },
                            "selectionSet": undefined,
                          },
                          Object {
                            "alias": undefined,
                            "arguments": Array [],
                            "directives": Array [],
                            "kind": "Field",
                            "name": Object {
                              "kind": "Name",
                              "value": "title",
                            },
                            "selectionSet": undefined,
                          },
                          Object {
                            "alias": undefined,
                            "arguments": Array [],
                            "directives": Array [],
                            "kind": "Field",
                            "name": Object {
                              "kind": "Name",
                              "value": "url",
                            },
                            "selectionSet": undefined,
                          },
                          Object {
                            "alias": undefined,
                            "arguments": Array [],
                            "directives": Array [],
                            "kind": "Field",
                            "name": Object {
                              "kind": "Name",
                              "value": "description",
                            },
                            "selectionSet": undefined,
                          },
                        ],
                      },
                    },
                  ],
                },
                "variableDefinitions": Array [],
              },
            ],
            "kind": "Document",
            "loc": Object {
              "end": 82,
              "start": 0,
            },
          }
        }
      >
        <div
          className="queryWrapper"
        >
          <div
            className="loading"
          >
            Loading
          </div>
        </div>
      </Query>
    </App>
  </ApolloProvider>
</MockedProvider>
`;
